// Jest Snapshot v1, https://goo.gl/fbAQLP

exports[`GameRules 1`] = `
Object {
  "asFragment": [Function],
  "baseElement": <body>
    <div>
      <section
        class="popup"
      >
        <div
          class="popup__container"
        >
          <div
            class="popup__close"
          >
            <img
              alt="close"
              class="popup__close-icon"
            />
          </div>
          <h2
            class="popup__title"
          >
            ПРАВИЛА
          </h2>
          <div
            class="rules"
          >
            <p
              class="rules__text"
            >
              Bumble – это очень простая и быстрая игра в слова.
            </p>
            <p
              class="rules__text"
            >
              Собери слово из букв за минуту. Чем длиннее - тем лучше. Ведь за каждую букву начисляются победные баллы.
            </p>
            <p
              class="rules__text"
            >
              Каждая буква может использоваться в слове ровно столько раз, сколько раз она присутствует на карточке.
            </p>
          </div>
          <button
            class="button undefined"
            type="button"
          >
            Понятно
          </button>
        </div>
      </section>
    </div>
  </body>,
  "container": <div>
    <section
      class="popup"
    >
      <div
        class="popup__container"
      >
        <div
          class="popup__close"
        >
          <img
            alt="close"
            class="popup__close-icon"
          />
        </div>
        <h2
          class="popup__title"
        >
          ПРАВИЛА
        </h2>
        <div
          class="rules"
        >
          <p
            class="rules__text"
          >
            Bumble – это очень простая и быстрая игра в слова.
          </p>
          <p
            class="rules__text"
          >
            Собери слово из букв за минуту. Чем длиннее - тем лучше. Ведь за каждую букву начисляются победные баллы.
          </p>
          <p
            class="rules__text"
          >
            Каждая буква может использоваться в слове ровно столько раз, сколько раз она присутствует на карточке.
          </p>
        </div>
        <button
          class="button undefined"
          type="button"
        >
          Понятно
        </button>
      </div>
    </section>
  </div>,
  "debug": [Function],
  "findAllByAltText": [Function],
  "findAllByDisplayValue": [Function],
  "findAllByLabelText": [Function],
  "findAllByPlaceholderText": [Function],
  "findAllByRole": [Function],
  "findAllByTestId": [Function],
  "findAllByText": [Function],
  "findAllByTitle": [Function],
  "findByAltText": [Function],
  "findByDisplayValue": [Function],
  "findByLabelText": [Function],
  "findByPlaceholderText": [Function],
  "findByRole": [Function],
  "findByTestId": [Function],
  "findByText": [Function],
  "findByTitle": [Function],
  "getAllByAltText": [Function],
  "getAllByDisplayValue": [Function],
  "getAllByLabelText": [Function],
  "getAllByPlaceholderText": [Function],
  "getAllByRole": [Function],
  "getAllByTestId": [Function],
  "getAllByText": [Function],
  "getAllByTitle": [Function],
  "getByAltText": [Function],
  "getByDisplayValue": [Function],
  "getByLabelText": [Function],
  "getByPlaceholderText": [Function],
  "getByRole": [Function],
  "getByTestId": [Function],
  "getByText": [Function],
  "getByTitle": [Function],
  "queryAllByAltText": [Function],
  "queryAllByDisplayValue": [Function],
  "queryAllByLabelText": [Function],
  "queryAllByPlaceholderText": [Function],
  "queryAllByRole": [Function],
  "queryAllByTestId": [Function],
  "queryAllByText": [Function],
  "queryAllByTitle": [Function],
  "queryByAltText": [Function],
  "queryByDisplayValue": [Function],
  "queryByLabelText": [Function],
  "queryByPlaceholderText": [Function],
  "queryByRole": [Function],
  "queryByTestId": [Function],
  "queryByText": [Function],
  "queryByTitle": [Function],
  "rerender": [Function],
  "unmount": [Function],
}
`;
