// Jest Snapshot v1, https://goo.gl/fbAQLP

exports[`SubforumRow 1`] = `
Object {
  "asFragment": [Function],
  "baseElement": <body>
    <div>
      <div
        class="subforum-row"
      >
        <div
          class="subforum-icon subforum-column center"
        />
        <div
          class="subforum-description subforum-column"
        >
          <h4>
            <a
              href="#"
            >
              This is SubforumRow
            </a>
          </h4>
          <p />
        </div>
        <div
          class="subforum-stats subforum-column center"
        >
          <span>
             | 
          </span>
        </div>
        <div
          class="subforum-info subforum-column"
        >
          <b>
            <a
              href=""
            />
          </b>
           
          от 
          <a
            href=""
          />
           
          <br />
          <small />
        </div>
      </div>
    </div>
  </body>,
  "container": <div>
    <div
      class="subforum-row"
    >
      <div
        class="subforum-icon subforum-column center"
      />
      <div
        class="subforum-description subforum-column"
      >
        <h4>
          <a
            href="#"
          >
            This is SubforumRow
          </a>
        </h4>
        <p />
      </div>
      <div
        class="subforum-stats subforum-column center"
      >
        <span>
           | 
        </span>
      </div>
      <div
        class="subforum-info subforum-column"
      >
        <b>
          <a
            href=""
          />
        </b>
         
        от 
        <a
          href=""
        />
         
        <br />
        <small />
      </div>
    </div>
  </div>,
  "debug": [Function],
  "findAllByAltText": [Function],
  "findAllByDisplayValue": [Function],
  "findAllByLabelText": [Function],
  "findAllByPlaceholderText": [Function],
  "findAllByRole": [Function],
  "findAllByTestId": [Function],
  "findAllByText": [Function],
  "findAllByTitle": [Function],
  "findByAltText": [Function],
  "findByDisplayValue": [Function],
  "findByLabelText": [Function],
  "findByPlaceholderText": [Function],
  "findByRole": [Function],
  "findByTestId": [Function],
  "findByText": [Function],
  "findByTitle": [Function],
  "getAllByAltText": [Function],
  "getAllByDisplayValue": [Function],
  "getAllByLabelText": [Function],
  "getAllByPlaceholderText": [Function],
  "getAllByRole": [Function],
  "getAllByTestId": [Function],
  "getAllByText": [Function],
  "getAllByTitle": [Function],
  "getByAltText": [Function],
  "getByDisplayValue": [Function],
  "getByLabelText": [Function],
  "getByPlaceholderText": [Function],
  "getByRole": [Function],
  "getByTestId": [Function],
  "getByText": [Function],
  "getByTitle": [Function],
  "queryAllByAltText": [Function],
  "queryAllByDisplayValue": [Function],
  "queryAllByLabelText": [Function],
  "queryAllByPlaceholderText": [Function],
  "queryAllByRole": [Function],
  "queryAllByTestId": [Function],
  "queryAllByText": [Function],
  "queryAllByTitle": [Function],
  "queryByAltText": [Function],
  "queryByDisplayValue": [Function],
  "queryByLabelText": [Function],
  "queryByPlaceholderText": [Function],
  "queryByRole": [Function],
  "queryByTestId": [Function],
  "queryByText": [Function],
  "queryByTitle": [Function],
  "rerender": [Function],
  "unmount": [Function],
}
`;
